#
# A fatal error has been detected by the Java Runtime Environment:
#
#  EXCEPTION_ACCESS_VIOLATION (0xc0000005) at pc=0x00007ff954fe33a0, pid=11624, tid=9684
#
# JRE version: Java(TM) SE Runtime Environment (22.0.1+8) (build 22.0.1+8-16)
# Java VM: Java HotSpot(TM) 64-Bit Server VM (22.0.1+8-16, mixed mode, sharing, tiered, compressed oops, compressed class ptrs, g1 gc, windows-amd64)
# Problematic frame:
# C  [ig7icd64.dll+0x933a0]
#
# No core dump will be written. Minidumps are not enabled by default on client versions of Windows
#
# If you would like to submit a bug report, please visit:
#   https://bugreport.java.com/bugreport/crash.jsp
# The crash happened outside the Java Virtual Machine in native code.
# See problematic frame for where to report the bug.
#

---------------  S U M M A R Y ------------

Command Line: Classes.Main

Host: Intel(R) Core(TM) i5-3470 CPU @ 3.20GHz, 4 cores, 11G,  Windows 10 , 64 bit Build 19041 (10.0.19041.1889)
Time: Mon Mar 31 01:17:19 2025 Hora estándar de Venezuela elapsed time: 1.091816 seconds (0d 0h 0m 1s)

---------------  T H R E A D  ---------------

Current thread (0x000002b80c60f7c0):  JavaThread "main"             [_thread_in_native, id=9684, stack(0x000000cb2d900000,0x000000cb2da00000) (1024K)]

Stack: [0x000000cb2d900000,0x000000cb2da00000],  sp=0x000000cb2d9fbb30,  free space=1006k
Native frames: (J=compiled Java code, j=interpreted, Vv=VM code, C=native code)
C  [ig7icd64.dll+0x933a0]  (no source info available)
C  [ig7icd64.dll+0x17b7d8]  (no source info available)
C  [ig7icd64.dll+0x215c74]  (no source info available)
C  [ig7icd64.dll+0x6d05e]  (no source info available)
C  [ig7icd64.dll+0x2447b5]  (no source info available)
C  [ig7icd64.dll+0x92545]  (no source info available)
C  [ig7icd64.dll+0x2a4d18]  (no source info available)
C  [ig7icd64.dll+0x2a5029]  (no source info available)
C  [ig7icd64.dll+0x2a69da]  (no source info available)
C  0x000002b81d7bcf47  (no source info available)

The last pc belongs to native method entry point (kind = native) (printed below).
Java frames: (J=compiled Java code, j=interpreted, Vv=VM code)
j  org.lwjgl.opengl.GL11C.nglDrawElements(IIIJ)V+0
j  org.lwjgl.opengl.GL11C.glDrawElements(IIIJ)V+4
j  org.lwjgl.opengl.GL11.glDrawElements(IIIJ)V+4
j  Classes.Main.main([Ljava/lang/String;)V+600
v  ~StubRoutines::call_stub 0x000002b81d7b100d

siginfo: EXCEPTION_ACCESS_VIOLATION (0xc0000005), reading address 0x0000000000000000


Registers:
RAX=0x0000000000000000, RBX=0x000002b8712f11c0, RCX=0x0000000000000000, RDX=0x0000000000000000
RSP=0x000000cb2d9fbb30, RBP=0x000000cb2d9fbc60, RSI=0x0000000000000010, RDI=0x000002b873399000
R8 =0x0000000000000040, R9 =0x0000000000000000, R10=0x0000000000000004, R11=0x000000cb2d9fc2b8
R12=0x000000cb2d9fc2c4, R13=0x0000000000000040, R14=0x000002b8716ac740, R15=0x0000000000000000
RIP=0x00007ff954fe33a0, EFLAGS=0x0000000000010202


Register to memory mapping:

RAX=0x0 is null
RBX=0x000002b8712f11c0 points into unknown readable memory: 0x000002b871284600 | 00 46 28 71 b8 02 00 00
RCX=0x0 is null
RDX=0x0 is null
RSP=0x000000cb2d9fbb30 is pointing into the stack for thread: 0x000002b80c60f7c0
RBP=0x000000cb2d9fbc60 is pointing into the stack for thread: 0x000002b80c60f7c0
RSI=0x0000000000000010 is an unknown value
RDI=0x000002b873399000 points into unknown readable memory: 0x0000000000000000 | 00 00 00 00 00 00 00 00
R8 =0x0000000000000040 is an unknown value
R9 =0x0 is null
R10=0x0000000000000004 is an unknown value
R11=0x000000cb2d9fc2b8 is pointing into the stack for thread: 0x000002b80c60f7c0
R12=0x000000cb2d9fc2c4 is pointing into the stack for thread: 0x000002b80c60f7c0
R13=0x0000000000000040 is an unknown value
R14=0x000002b8716ac740 points into unknown readable memory: 0x000002b873399000 | 00 90 39 73 b8 02 00 00
R15=0x0 is null

Top of Stack: (sp=0x000000cb2d9fbb30)
0x000000cb2d9fbb30:   bf5758b3170c9fd4 3fe0181931296db8
0x000000cb2d9fbb40:   bf01ff0724816cdf bf01ff0724816cdf
0x000000cb2d9fbb50:   000000cb2d9fc2c0 00007ff9550cb7d8
0x000000cb2d9fbb60:   000000cb2d9fbc60 000000cb2d9fc2c4
0x000000cb2d9fbb70:   000002b8712f11c0 0000000000000010
0x000000cb2d9fbb80:   000002b800000001 000000cb2d9fc2c4
0x000000cb2d9fbb90:   000000cb2d9fc2c0 000000cb2d9fc2b8
0x000000cb2d9fbba0:   000000cb2d9fc938 00007ff93ffafad3
0x000000cb2d9fbbb0:   000000cb00000002 000002b87130d508
0x000000cb2d9fbbc0:   0000000100000001 000002b800000000
0x000000cb2d9fbbd0:   000000cb2d9fc2b8 000002b87177aa80
0x000000cb2d9fbbe0:   000002b800000001 000002b8718903ac
0x000000cb2d9fbbf0:   000000001dd64400 000002b82c00e460
0x000000cb2d9fbc00:   000002b8718903b8 000002b8718903c0
0x000000cb2d9fbc10:   0000000000000001 0000000000000001
0x000000cb2d9fbc20:   0000110800000040 000002b800000014
0x000000cb2d9fbc30:   0000000000000002 000002b8716bff78
0x000000cb2d9fbc40:   000002b87168fcc8 0000000000000002
0x000000cb2d9fbc50:   000002b8718903d4 00000000000003ac
0x000000cb2d9fbc60:   00000000000000b9 000002b80c5f2890
0x000000cb2d9fbc70:   000002b80c60e568 00007ff93ffaf886
0x000000cb2d9fbc80:   000002b82c00ea60 000000cb2d9fbd70
0x000000cb2d9fbc90:   000002b80c60f7c0 00007ff955404e01
0x000000cb2d9fbca0:   000002b80c60f700 000002b80c60e568
0x000000cb2d9fbcb0:   000000cb2d9fbd30 00007ff9000000b9
0x000000cb2d9fbcc0:   000002b80c60f7c0 00000000000000a8
0x000000cb2d9fbcd0:   000000b9ffff0100 000002b80c60fe30
0x000000cb2d9fbce0:   00000000000003d8 000002b82c00ea60
0x000000cb2d9fbcf0:   000002b80c60f7c0 000002b816354090
0x000000cb2d9fbd00:   000002b80c610218 000002b82c00ea60
0x000000cb2d9fbd10:   000002b80c60f7c0 00000000000003d8
0x000000cb2d9fbd20:   000002b80c60fe40 000002b80c60e568 

Instructions: (pc=0x00007ff954fe33a0)
0x00007ff954fe32a0:   70 66 0f e7 7f 80 48 83 ea 80 66 0f e7 77 90 66
0x00007ff954fe32b0:   0f e7 6f a0 66 0f e7 67 b0 66 0f e7 5f c0 66 0f
0x00007ff954fe32c0:   e7 57 d0 66 0f e7 4f e0 66 0f e7 47 f0 49 3b c1
0x00007ff954fe32d0:   72 9e 41 83 e0 7f 0f 84 e0 00 00 00 45 8b d0 44
0x00007ff954fe32e0:   8b c9 49 c1 ea 04 4d 85 d2 0f 84 cd 00 00 00 90
0x00007ff954fe32f0:   f3 0f 6f 02 41 ff c1 48 83 c7 10 41 8b c1 48 83
0x00007ff954fe3300:   c2 10 66 0f e7 47 f0 49 3b c2 72 e4 e9 ab 00 00
0x00007ff954fe3310:   00 4d 85 c9 74 6c 66 66 0f 1f 84 00 00 00 00 00
0x00007ff954fe3320:   66 0f 6f 3a 66 0f 6f 72 10 66 0f 6f 6a 20 41 ff
0x00007ff954fe3330:   c2 48 83 ef 80 41 8b c2 66 0f 6f 62 30 66 0f 6f
0x00007ff954fe3340:   5a 40 66 0f 6f 52 50 66 0f 6f 4a 60 66 0f 6f 42
0x00007ff954fe3350:   70 66 0f e7 7f 80 48 83 ea 80 66 0f e7 77 90 66
0x00007ff954fe3360:   0f e7 6f a0 66 0f e7 67 b0 66 0f e7 5f c0 66 0f
0x00007ff954fe3370:   e7 57 d0 66 0f e7 4f e0 66 0f e7 47 f0 49 3b c1
0x00007ff954fe3380:   72 9e 41 83 e0 7f 74 34 45 8b d0 44 8b c9 49 c1
0x00007ff954fe3390:   ea 04 4d 85 d2 74 25 66 0f 1f 84 00 00 00 00 00
0x00007ff954fe33a0:   66 0f 6f 02 41 ff c1 48 83 c7 10 41 8b c1 66 0f
0x00007ff954fe33b0:   e7 47 f0 48 83 c2 10 49 3b c2 72 e4 0f 28 74 24
0x00007ff954fe33c0:   10 0f 28 3c 24 41 83 e0 0f 74 4a 45 8b d0 44 8b
0x00007ff954fe33d0:   c9 49 c1 ea 02 4d 85 d2 74 1e 66 0f 1f 44 00 00
0x00007ff954fe33e0:   8b 02 41 ff c1 48 83 c7 04 89 47 fc 41 8b c1 48
0x00007ff954fe33f0:   83 c2 04 49 3b c2 72 e8 41 83 e0 03 76 17 48 2b
0x00007ff954fe3400:   d7 0f b6 04 3a ff c1 48 8d 7f 01 88 47 ff 8b c1
0x00007ff954fe3410:   49 3b c0 72 ec 48 83 c4 20 5f c3 cc cc cc cc cc
0x00007ff954fe3420:   48 8b 41 30 48 8b 08 48 39 0a 0f 97 c0 c3 cc cc
0x00007ff954fe3430:   48 83 ec 38 c6 04 24 01 48 8d 05 e1 e1 71 00 48
0x00007ff954fe3440:   89 44 24 08 48 8b 44 24 08 66 0f 38 2a 00 66 0f
0x00007ff954fe3450:   7f 44 24 10 66 0f 6f 44 24 10 66 0f 7f 44 24 20
0x00007ff954fe3460:   eb 04 c6 04 24 00 0f b6 04 24 48 83 c4 38 c3 cc
0x00007ff954fe3470:   40 53 48 83 ec 20 80 79 10 01 48 8b d9 75 33 48
0x00007ff954fe3480:   83 79 08 00 75 2c 8b 15 a0 4c 72 00 65 48 8b 04
0x00007ff954fe3490:   25 58 00 00 00 b9 18 00 00 00 48 8b 04 d0 45 33 


Stack slot to memory mapping:

stack at sp + 0 slots: 0xbf5758b3170c9fd4 is an unknown value
stack at sp + 1 slots: 0x3fe0181931296db8 is an unknown value
stack at sp + 2 slots: 0xbf01ff0724816cdf is an unknown value
stack at sp + 3 slots: 0xbf01ff0724816cdf is an unknown value
stack at sp + 4 slots: 0x000000cb2d9fc2c0 is pointing into the stack for thread: 0x000002b80c60f7c0
stack at sp + 5 slots: 0x00007ff9550cb7d8 ig7icd64.dll
stack at sp + 6 slots: 0x000000cb2d9fbc60 is pointing into the stack for thread: 0x000002b80c60f7c0
stack at sp + 7 slots: 0x000000cb2d9fc2c4 is pointing into the stack for thread: 0x000002b80c60f7c0

native method entry point (kind = native)  [0x000002b81d7bcb20, 0x000002b81d7bd640]  2848 bytes
[MachCode]
  0x000002b81d7bcb20: 488b 4b08 | 0fb7 492e | 584c 8d74 | ccf8 6800 | 0000 0068 | 0000 0000 | 5055 488b | ec41 5568 
  0x000002b81d7bcb40: 0000 0000 | 4c8b 6b08 | 4d8d 6d38 | 5348 8b53 | 0848 8b52 | 0848 8b52 | 1848 8b52 | 7048 8b12 
  0x000002b81d7bcb60: 5248 8b53 | 1048 85d2 | 0f84 0700 | 0000 4881 | c210 0100 | 0052 488b | 5308 488b | 5208 488b 
  0x000002b81d7bcb80: 5210 5249 | 8bc6 482b | c548 c1e8 | 0350 6800 | 0000 0068 | f7ff ffff | 41c6 8781 | 0400 0001 
  0x000002b81d7bcba0: 488b 4310 | 4885 c074 | 208b 88cc | 0000 0083 | c102 8988 | cc00 0000 | 2388 e000 | 0000 0f84 
  0x000002b81d7bcbc0: cb09 0000 | e9cf 0000 | 0048 8b43 | 1848 85c0 | 0f85 b000 | 0000 e805 | 0000 00e9 | 9900 0000 
  0x000002b81d7bcbe0: 488b d348 | 8d44 2408 | 4c89 6dc0 | 498b cfc5 | f877 4989 | afb0 0300 | 0049 8987 | a003 0000 
  0x000002b81d7bcc00: 4883 ec20 | 40f6 c40f | 0f84 1900 | 0000 4883 | ec08 48b8 | a0a3 c33f | f97f 0000 | ffd0 4883 
  0x000002b81d7bcc20: c408 e90c | 0000 0048 | b8a0 a3c3 | 3ff9 7f00 | 00ff d048 | 83c4 2049 | c787 a003 | 0000 0000 
  0x000002b81d7bcc40: 0000 49c7 | 87b0 0300 | 0000 0000 | 0049 c787 | a803 0000 | 0000 0000 | c5f8 7749 | 837f 0800 
  0x000002b81d7bcc60: 0f84 0500 | 0000 e995 | 42ff ff4c | 8b6d c04c | 8b75 c84e | 8d74 f500 | c348 8b43 | 1848 85c0 
  0x000002b81d7bcc80: 0f84 1200 | 0000 8b48 | 0883 c102 | 8948 0823 | 481c 0f84 | f708 0000 | 493b a7f0 | 0400 000f 
  0x000002b81d7bcca0: 8748 0000 | 0089 8424 | 00f0 ffff | 8984 2400 | e0ff ff89 | 8424 00d0 | ffff 8984 | 2400 c0ff 
  0x000002b81d7bccc0: ff89 8424 | 00b0 ffff | 8984 2400 | a0ff ff89 | 8424 0090 | ffff 8984 | 2400 80ff | ff49 3ba7 
  0x000002b81d7bcce0: e804 0000 | 7607 4989 | a7f0 0400 | 0041 c687 | 8104 0000 | 0049 ba9c | 304a 40f9 | 7f00 0041 
  0x000002b81d7bcd00: 803a 000f | 843e 0000 | 0048 8b55 | e849 8bcf | 4883 ec20 | 40f6 c40f | 0f84 1900 | 0000 4883 
  0x000002b81d7bcd20: ec08 48b8 | 40b5 fa3f | f97f 0000 | ffd0 4883 | c408 e90c | 0000 0048 | b840 b5fa | 3ff9 7f00 
  0x000002b81d7bcd40: 00ff d048 | 83c4 2048 | 8b5d e84c | 8b5b 0845 | 0fb7 5b2e | 41c1 e303 | 492b e348 | 83ec 2048 
  0x000002b81d7bcd60: 83e4 f04c | 8b5b 604d | 85db 0f85 | ab00 0000 | e805 0000 | 00e9 9900 | 0000 488b | d348 8d44 
  0x000002b81d7bcd80: 2408 4c89 | 6dc0 498b | cfc5 f877 | 4989 afb0 | 0300 0049 | 8987 a003 | 0000 4883 | ec20 40f6 
  0x000002b81d7bcda0: c40f 0f84 | 1900 0000 | 4883 ec08 | 48b8 c0ca | c33f f97f | 0000 ffd0 | 4883 c408 | e90c 0000 
  0x000002b81d7bcdc0: 0048 b8c0 | cac3 3ff9 | 7f00 00ff | d048 83c4 | 2049 c787 | a003 0000 | 0000 0000 | 49c7 87b0 
  0x000002b81d7bcde0: 0300 0000 | 0000 0049 | c787 a803 | 0000 0000 | 0000 c5f8 | 7749 837f | 0800 0f84 | 0500 0000 
  0x000002b81d7bce00: e9fb 40ff | ff4c 8b6d | c04c 8b75 | c84e 8d74 | f500 c348 | 8b5d e84c | 8b5b 6041 | ffd3 488b 
  0x000002b81d7bce20: 5de8 4889 | 4518 448b | 5b28 41f6 | c308 0f84 | 1b00 0000 | 4c8b 5b08 | 4d8b 5b08 | 4d8b 5b18 
  0x000002b81d7bce40: 4d8b 5b70 | 4d8b 1b4c | 895d 1048 | 8d55 1048 | 8b43 5849 | ba40 0cfb | 3ff9 7f00 | 0049 3bc2 
  0x000002b81d7bce60: 0f85 ab00 | 0000 e805 | 0000 00e9 | 9900 0000 | 488b d348 | 8d44 2408 | 4c89 6dc0 | 498b cfc5 
  0x000002b81d7bce80: f877 4989 | afb0 0300 | 0049 8987 | a003 0000 | 4883 ec20 | 40f6 c40f | 0f84 1900 | 0000 4883 
  0x000002b81d7bcea0: ec08 48b8 | c0ca c33f | f97f 0000 | ffd0 4883 | c408 e90c | 0000 0048 | b8c0 cac3 | 3ff9 7f00 
  0x000002b81d7bcec0: 00ff d048 | 83c4 2049 | c787 a003 | 0000 0000 | 0000 49c7 | 87b0 0300 | 0000 0000 | 0049 c787 
  0x000002b81d7bcee0: a803 0000 | 0000 0000 | c5f8 7749 | 837f 0800 | 0f84 0500 | 0000 e905 | 40ff ff4c | 8b6d c04c 
  0x000002b81d7bcf00: 8b75 c84e | 8d74 f500 | c348 8b5d | e848 8b43 | 5849 8d8f | c003 0000 | c5f8 7749 | 89af b003 
  0x000002b81d7bcf20: 0000 49ba | 18cf 7b1d | b802 0000 | 4d89 97a8 | 0300 0049 | 89a7 a003 | 0000 41c7 | 8754 0400 
  0x000002b81d7bcf40: 0004 0000 | 00ff d0c5 | f877 4883 | ec10 c5fb | 1104 2448 | 83ec 1048 | 8904 2448 | c744 2408 
  0x000002b81d7bcf60: 0000 0000 | 41c7 8754 | 0400 0005 | 0000 00f0 | 8344 24c0 | 0049 3baf | 5804 0000 | 0f87 0e00 
  0x000002b81d7bcf80: 0000 4183 | bf50 0400 | 0000 0f84 | 2000 0000 | 498b cf4c | 8be4 4883 | ec20 4883 | e4f0 48b8 
  0x000002b81d7bcfa0: d01e c53f | f97f 0000 | ffd0 498b | e44d 33e4 | 41c7 8754 | 0400 0008 | 0000 0049 | c787 a003 
  0x000002b81d7bcfc0: 0000 0000 | 0000 49c7 | 87b0 0300 | 0000 0000 | 0049 c787 | a803 0000 | 0000 0000 | c5f8 774d 
  0x000002b81d7bcfe0: 8b9f 3004 | 0000 41c7 | 8300 0100 | 0000 0000 | 0049 bb1a | a57b 1db8 | 0200 004c | 3b5d 180f 
  0x000002b81d7bd000: 8524 0200 | 0048 8b04 | 2448 83c4 | 1048 85c0 | 0f84 fe01 | 0000 a803 | 0f85 0800 | 0000 488b 
  0x000002b81d7bd020: 00e9 ee01 | 0000 a801 | 0f85 0900 | 0000 488b | 40fe e9dd | 0100 0048 | 8b40 ff41 | 807f 3800 
  0x000002b81d7bd040: 0f84 ce01 | 0000 4883 | f800 0f84 | c401 0000 | 4d8b 5f28 | 4983 fb00 | 0f84 1400 | 0000 4983 
  0x000002b81d7bd060: eb08 4d89 | 5f28 4d03 | 5f30 4989 | 03e9 a201 | 0000 4881 | ecd0 0000 | 0048 8904 | 2448 894c 
  0x000002b81d7bd080: 2408 4889 | 5424 1048 | 8974 2418 | 4889 7c24 | 204c 8944 | 2428 4c89 | 4c24 304c | 8954 2438 
  0x000002b81d7bd0a0: 4c89 5c24 | 40c5 fb11 | 4424 50c5 | fb11 4c24 | 58c5 fb11 | 5424 60c5 | fb11 5c24 | 68c5 fb11 
  0x000002b81d7bd0c0: 6424 70c5 | fb11 6c24 | 78c5 fb11 | b424 8000 | 0000 c5fb | 11bc 2488 | 0000 00c5 | 7b11 8424 
  0x000002b81d7bd0e0: 9000 0000 | c57b 118c | 2498 0000 | 00c5 7b11 | 9424 a000 | 0000 c57b | 119c 24a8 | 0000 00c5 
  0x000002b81d7bd100: 7b11 a424 | b000 0000 | c57b 11ac | 24b8 0000 | 00c5 7b11 | b424 c000 | 0000 c57b | 11bc 24c8 
  0x000002b81d7bd120: 0000 0049 | 8bd7 488b | c848 83ec | 2040 f6c4 | 0f0f 8419 | 0000 0048 | 83ec 0848 | b8e0 3eb8 
  0x000002b81d7bd140: 3ff9 7f00 | 00ff d048 | 83c4 08e9 | 0c00 0000 | 48b8 e03e | b83f f97f | 0000 ffd0 | 4883 c420 
  0x000002b81d7bd160: c57b 10bc | 24c8 0000 | 00c5 7b10 | b424 c000 | 0000 c57b | 10ac 24b8 | 0000 00c5 | 7b10 a424 
  0x000002b81d7bd180: b000 0000 | c57b 109c | 24a8 0000 | 00c5 7b10 | 9424 a000 | 0000 c57b | 108c 2498 | 0000 00c5 
  0x000002b81d7bd1a0: 7b10 8424 | 9000 0000 | c5fb 10bc | 2488 0000 | 00c5 fb10 | b424 8000 | 0000 c5fb | 106c 2478 
  0x000002b81d7bd1c0: c5fb 1064 | 2470 c5fb | 105c 2468 | c5fb 1054 | 2460 c5fb | 104c 2458 | c5fb 1044 | 2450 4c8b 
  0x000002b81d7bd1e0: 5c24 404c | 8b54 2438 | 4c8b 4c24 | 304c 8b44 | 2428 488b | 7c24 2048 | 8b74 2418 | 488b 5424 
  0x000002b81d7bd200: 1048 8b4c | 2408 488b | 0424 4881 | c4d0 0000 | 00c5 f877 | 4889 4510 | 4883 ec10 | 4889 0424 
  0x000002b81d7bd220: 48c7 4424 | 0800 0000 | 0041 83bf | d004 0000 | 020f 85bf | 0000 0048 | 81ec 8000 | 0000 4889 
  0x000002b81d7bd240: 4424 7848 | 894c 2470 | 4889 5424 | 6848 895c | 2460 4889 | 6c24 5048 | 8974 2448 | 4889 7c24 
  0x000002b81d7bd260: 404c 8944 | 2438 4c89 | 4c24 304c | 8954 2428 | 4c89 5c24 | 204c 8964 | 2418 4c89 | 6c24 104c 
  0x000002b81d7bd280: 8974 2408 | 4c89 3c24 | 4c8b e448 | 83ec 2048 | 83e4 f048 | b890 edfa | 3ff9 7f00 | 00ff d049 
  0x000002b81d7bd2a0: 8be4 4c8b | 3c24 4c8b | 7424 084c | 8b6c 2410 | 4c8b 6424 | 184c 8b5c | 2420 4c8b | 5424 284c 
  0x000002b81d7bd2c0: 8b4c 2430 | 4c8b 4424 | 3848 8b7c | 2440 488b | 7424 4848 | 8b6c 2450 | 488b 5c24 | 6048 8b54 
  0x000002b81d7bd2e0: 2468 488b | 4c24 7048 | 8b44 2478 | 4881 c480 | 0000 004d | 33e4 488b | 5de8 4c8b | 6b08 4d8d 
  0x000002b81d7bd300: 6d38 4983 | 7f08 000f | 84bb 0000 | 00e8 0500 | 0000 e996 | 0000 0048 | 8d44 2408 | 4c89 6dc0 
  0x000002b81d7bd320: 498b cfc5 | f877 4989 | afb0 0300 | 0049 8987 | a003 0000 | 4883 ec20 | 40f6 c40f | 0f84 1900 
  0x000002b81d7bd340: 0000 4883 | ec08 48b8 | 00e9 c33f | f97f 0000 | ffd0 4883 | c408 e90c | 0000 0048 | b800 e9c3 
  0x000002b81d7bd360: 3ff9 7f00 | 00ff d048 | 83c4 2049 | c787 a003 | 0000 0000 | 0000 49c7 | 87b0 0300 | 0000 0000 
  0x000002b81d7bd380: 0049 c787 | a803 0000 | 0000 0000 | c5f8 7749 | 837f 0800 | 0f84 0500 | 0000 e961 | 3bff ff4c 
  0x000002b81d7bd3a0: 8b6d c04c | 8b75 c84e | 8d74 f500 | c348 b9c0 | 1822 40f9 | 7f00 0048 | 83e4 f048 | b8c0 94e9 
  0x000002b81d7bd3c0: 3ff9 7f00 | 00ff d0f4 | 448b 5b28 | 41f6 c320 | 0f84 4401 | 0000 488d | 55a8 4c8b | 5a08 4d85 
  0x000002b81d7bd3e0: db0f 85bb | 0000 00e8 | 0500 0000 | e996 0000 | 0048 8d44 | 2408 4c89 | 6dc0 498b | cfc5 f877 
  0x000002b81d7bd400: 4989 afb0 | 0300 0049 | 8987 a003 | 0000 4883 | ec20 40f6 | c40f 0f84 | 1900 0000 | 4883 ec08 
  0x000002b81d7bd420: 48b8 30e8 | c33f f97f | 0000 ffd0 | 4883 c408 | e90c 0000 | 0048 b830 | e8c3 3ff9 | 7f00 00ff 
  0x000002b81d7bd440: d048 83c4 | 2049 c787 | a003 0000 | 0000 0000 | 49c7 87b0 | 0300 0000 | 0000 0049 | c787 a803 
  0x000002b81d7bd460: 0000 0000 | 0000 c5f8 | 7749 837f | 0800 0f84 | 0500 0000 | e987 3aff | ff4c 8b6d | c04c 8b75 
  0x000002b81d7bd480: c84e 8d74 | f500 c348 | b9c0 1822 | 40f9 7f00 | 0048 83e4 | f048 b8c0 | 94e9 3ff9 | 7f00 00ff 
  0x000002b81d7bd4a0: d0f4 4c89 | 6dc0 488d | 024c 8b4a | 0848 c742 | 0800 0000 | 004c 8b00 | 4d85 c00f | 840b 0000 
  0x000002b81d7bd4c0: 00f0 4d0f | b101 0f85 | 0c00 0000 | 49ff 8f58 | 0500 00e9 | 3e00 0000 | 4c89 4a08 | 488b ca48 
  0x000002b81d7bd4e0: 83ec 2040 | f6c4 0f0f | 8419 0000 | 0048 83ec | 0848 b8c0 | bac3 3ff9 | 7f00 00ff | d048 83c4 
  0x000002b81d7bd500: 08e9 0c00 | 0000 48b8 | c0ba c33f | f97f 0000 | ffd0 4883 | c420 4c8b | 6dc0 49ba | 9c30 4a40 
  0x000002b81d7bd520: f97f 0000 | 4180 3a00 | 0f84 3e00 | 0000 488b | 55e8 498b | cf48 83ec | 2040 f6c4 | 0f0f 8419 
  0x000002b81d7bd540: 0000 0048 | 83ec 0848 | b840 b5fa | 3ff9 7f00 | 00ff d048 | 83c4 08e9 | 0c00 0000 | 48b8 40b5 
  0x000002b81d7bd560: fa3f f97f | 0000 ffd0 | 4883 c420 | 488b 0424 | 4883 c410 | c5fb 1004 | 2448 83c4 | 104c 8b5d 
  0x000002b81d7bd580: 1841 ffd3 | 4c8b 5df8 | c95f 498b | e3ff e7ba | 0000 0000 | e805 0000 | 00e9 9600 | 0000 488d 
  0x000002b81d7bd5a0: 4424 084c | 896d c049 | 8bcf c5f8 | 7749 89af | b003 0000 | 4989 87a0 | 0300 0048 | 83ec 2040 
  0x000002b81d7bd5c0: f6c4 0f0f | 8419 0000 | 0048 83ec | 0848 b880 | aec3 3ff9 | 7f00 00ff | d048 83c4 | 08e9 0c00 
  0x000002b81d7bd5e0: 0000 48b8 | 80ae c33f | f97f 0000 | ffd0 4883 | c420 49c7 | 87a0 0300 | 0000 0000 | 0049 c787 
  0x000002b81d7bd600: b003 0000 | 0000 0000 | 49c7 87a8 | 0300 0000 | 0000 00c5 | f877 4983 | 7f08 000f | 8405 0000 
  0x000002b81d7bd620: 00e9 da38 | ffff 4c8b | 6dc0 4c8b | 75c8 4e8d | 74f5 00c3 | 488b 5de8 | e95b f6ff | ff66 6690 
[/MachCode]

---------------  P R O C E S S  ---------------

Threads class SMR info:
_java_thread_list=0x000002b82bc838c0, length=11, elements={
0x000002b80c60f7c0, 0x000002b82b9d8d20, 0x000002b82b9d9a40, 0x000002b82b9dccd0,
0x000002b82b9dd730, 0x000002b82b9de190, 0x000002b82b9e1b40, 0x000002b82b9e91f0,
0x000002b82ba09cb0, 0x000002b82bc78860, 0x000002b82bc83fa0
}

Java Threads: ( => current thread )
=>0x000002b80c60f7c0 JavaThread "main"                              [_thread_in_native, id=9684, stack(0x000000cb2d900000,0x000000cb2da00000) (1024K)]
  0x000002b82b9d8d20 JavaThread "Reference Handler"          daemon [_thread_blocked, id=14412, stack(0x000000cb2e100000,0x000000cb2e200000) (1024K)]
  0x000002b82b9d9a40 JavaThread "Finalizer"                  daemon [_thread_blocked, id=12588, stack(0x000000cb2e200000,0x000000cb2e300000) (1024K)]
  0x000002b82b9dccd0 JavaThread "Signal Dispatcher"          daemon [_thread_blocked, id=13304, stack(0x000000cb2e300000,0x000000cb2e400000) (1024K)]
  0x000002b82b9dd730 JavaThread "Attach Listener"            daemon [_thread_blocked, id=4740, stack(0x000000cb2e400000,0x000000cb2e500000) (1024K)]
  0x000002b82b9de190 JavaThread "Service Thread"             daemon [_thread_blocked, id=7656, stack(0x000000cb2e500000,0x000000cb2e600000) (1024K)]
  0x000002b82b9e1b40 JavaThread "Monitor Deflation Thread"   daemon [_thread_blocked, id=2784, stack(0x000000cb2e600000,0x000000cb2e700000) (1024K)]
  0x000002b82b9e91f0 JavaThread "C2 CompilerThread0"         daemon [_thread_blocked, id=3128, stack(0x000000cb2e700000,0x000000cb2e800000) (1024K)]
  0x000002b82ba09cb0 JavaThread "C1 CompilerThread0"         daemon [_thread_blocked, id=14388, stack(0x000000cb2e800000,0x000000cb2e900000) (1024K)]
  0x000002b82bc78860 JavaThread "Notification Thread"        daemon [_thread_blocked, id=14676, stack(0x000000cb2e900000,0x000000cb2ea00000) (1024K)]
  0x000002b82bc83fa0 JavaThread "Common-Cleaner"             daemon [_thread_blocked, id=8412, stack(0x000000cb2ea00000,0x000000cb2eb00000) (1024K)]
Total: 11

Other Threads:
  0x000002b82b9bcbb0 VMThread "VM Thread"                           [id=15020, stack(0x000000cb2e000000,0x000000cb2e100000) (1024K)]
  0x000002b82b9a2300 WatcherThread "VM Periodic Task Thread"        [id=10292, stack(0x000000cb2df00000,0x000000cb2e000000) (1024K)]
  0x000002b80c75fad0 WorkerThread "GC Thread#0"                     [id=14632, stack(0x000000cb2da00000,0x000000cb2db00000) (1024K)]
  0x000002b80c76d690 ConcurrentGCThread "G1 Main Marker"            [id=10544, stack(0x000000cb2db00000,0x000000cb2dc00000) (1024K)]
  0x000002b80c76f950 WorkerThread "G1 Conc#0"                       [id=14640, stack(0x000000cb2dc00000,0x000000cb2dd00000) (1024K)]
  0x000002b80c7de350 ConcurrentGCThread "G1 Refine#0"               [id=15344, stack(0x000000cb2dd00000,0x000000cb2de00000) (1024K)]
  0x000002b82b8760b0 ConcurrentGCThread "G1 Service"                [id=13648, stack(0x000000cb2de00000,0x000000cb2df00000) (1024K)]
Total: 7

Threads with active compile tasks:
Total: 0

VM state: not at safepoint (normal execution)

VM Mutex/Monitor currently owned by a thread: None

Heap address: 0x0000000741e00000, size: 3042 MB, Compressed Oops mode: Zero based, Oop shift amount: 3

CDS archive(s) mapped at: [0x000002b82c000000-0x000002b82cc60000-0x000002b82cc60000), size 12976128, SharedBaseAddress: 0x000002b82c000000, ArchiveRelocationMode: 1.
Compressed class space mapped at: 0x000002b82d000000-0x000002b86d000000, reserved size: 1073741824
Narrow klass base: 0x000002b82c000000, Narrow klass shift: 0, Narrow klass range: 0x41000000

GC Precious Log:
 CardTable entry size: 512
 Card Set container configuration: InlinePtr #cards 4 size 8 Array Of Cards #cards 16 size 48 Howl #buckets 8 coarsen threshold 3686 Howl Bitmap #cards 512 size 80 coarsen threshold 460 Card regions per heap region 1 cards per card region 4096
 CPUs: 4 total, 4 available
 Memory: 12162M
 Large Page Support: Disabled
 NUMA Support: Disabled
 Compressed Oops: Enabled (Zero based)
 Heap Region Size: 2M
 Heap Min Capacity: 8M
 Heap Initial Capacity: 192M
 Heap Max Capacity: 3042M
 Pre-touch: Disabled
 Parallel Workers: 4
 Concurrent Workers: 1
 Concurrent Refinement Workers: 4
 Periodic GC: Disabled

Heap:
 garbage-first heap   total reserved 3115008K, committed 196608K, used 4096K [0x0000000741e00000, 0x0000000800000000)
  region size 2048K, 4 young (8192K), 0 survivors (0K)
 Metaspace       used 3600K, committed 3712K, reserved 1114112K
  class space    used 188K, committed 256K, reserved 1048576K

Heap Regions: E=young(eden), S=young(survivor), O=old, HS=humongous(starts), HC=humongous(continues), CS=collection set, F=free, TAMS=top-at-mark-start, PB=parsable bottom
|   0|0x0000000741e00000, 0x0000000741e00000, 0x0000000742000000|  0%| F|  |TAMS 0x0000000741e00000| PB 0x0000000741e00000| Untracked |  0
|   1|0x0000000742000000, 0x0000000742000000, 0x0000000742200000|  0%| F|  |TAMS 0x0000000742000000| PB 0x0000000742000000| Untracked |  0
|   2|0x0000000742200000, 0x0000000742200000, 0x0000000742400000|  0%| F|  |TAMS 0x0000000742200000| PB 0x0000000742200000| Untracked |  0
|   3|0x0000000742400000, 0x0000000742400000, 0x0000000742600000|  0%| F|  |TAMS 0x0000000742400000| PB 0x0000000742400000| Untracked |  0
|   4|0x0000000742600000, 0x0000000742600000, 0x0000000742800000|  0%| F|  |TAMS 0x0000000742600000| PB 0x0000000742600000| Untracked |  0
|   5|0x0000000742800000, 0x0000000742800000, 0x0000000742a00000|  0%| F|  |TAMS 0x0000000742800000| PB 0x0000000742800000| Untracked |  0
|   6|0x0000000742a00000, 0x0000000742a00000, 0x0000000742c00000|  0%| F|  |TAMS 0x0000000742a00000| PB 0x0000000742a00000| Untracked |  0
|   7|0x0000000742c00000, 0x0000000742c00000, 0x0000000742e00000|  0%| F|  |TAMS 0x0000000742c00000| PB 0x0000000742c00000| Untracked |  0
|   8|0x0000000742e00000, 0x0000000742e00000, 0x0000000743000000|  0%| F|  |TAMS 0x0000000742e00000| PB 0x0000000742e00000| Untracked |  0
|   9|0x0000000743000000, 0x0000000743000000, 0x0000000743200000|  0%| F|  |TAMS 0x0000000743000000| PB 0x0000000743000000| Untracked |  0
|  10|0x0000000743200000, 0x0000000743200000, 0x0000000743400000|  0%| F|  |TAMS 0x0000000743200000| PB 0x0000000743200000| Untracked |  0
|  11|0x0000000743400000, 0x0000000743400000, 0x0000000743600000|  0%| F|  |TAMS 0x0000000743400000| PB 0x0000000743400000| Untracked |  0
|  12|0x0000000743600000, 0x0000000743600000, 0x0000000743800000|  0%| F|  |TAMS 0x0000000743600000| PB 0x0000000743600000| Untracked |  0
|  13|0x0000000743800000, 0x0000000743800000, 0x0000000743a00000|  0%| F|  |TAMS 0x0000000743800000| PB 0x0000000743800000| Untracked |  0
|  14|0x0000000743a00000, 0x0000000743a00000, 0x0000000743c00000|  0%| F|  |TAMS 0x0000000743a00000| PB 0x0000000743a00000| Untracked |  0
|  15|0x0000000743c00000, 0x0000000743c00000, 0x0000000743e00000|  0%| F|  |TAMS 0x0000000743c00000| PB 0x0000000743c00000| Untracked |  0
|  16|0x0000000743e00000, 0x0000000743e00000, 0x0000000744000000|  0%| F|  |TAMS 0x0000000743e00000| PB 0x0000000743e00000| Untracked |  0
|  17|0x0000000744000000, 0x0000000744000000, 0x0000000744200000|  0%| F|  |TAMS 0x0000000744000000| PB 0x0000000744000000| Untracked |  0
|  18|0x0000000744200000, 0x0000000744200000, 0x0000000744400000|  0%| F|  |TAMS 0x0000000744200000| PB 0x0000000744200000| Untracked |  0
|  19|0x0000000744400000, 0x0000000744400000, 0x0000000744600000|  0%| F|  |TAMS 0x0000000744400000| PB 0x0000000744400000| Untracked |  0
|  20|0x0000000744600000, 0x0000000744600000, 0x0000000744800000|  0%| F|  |TAMS 0x0000000744600000| PB 0x0000000744600000| Untracked |  0
|  21|0x0000000744800000, 0x0000000744800000, 0x0000000744a00000|  0%| F|  |TAMS 0x0000000744800000| PB 0x0000000744800000| Untracked |  0
|  22|0x0000000744a00000, 0x0000000744a00000, 0x0000000744c00000|  0%| F|  |TAMS 0x0000000744a00000| PB 0x0000000744a00000| Untracked |  0
|  23|0x0000000744c00000, 0x0000000744c00000, 0x0000000744e00000|  0%| F|  |TAMS 0x0000000744c00000| PB 0x0000000744c00000| Untracked |  0
|  24|0x0000000744e00000, 0x0000000744e00000, 0x0000000745000000|  0%| F|  |TAMS 0x0000000744e00000| PB 0x0000000744e00000| Untracked |  0
|  25|0x0000000745000000, 0x0000000745000000, 0x0000000745200000|  0%| F|  |TAMS 0x0000000745000000| PB 0x0000000745000000| Untracked |  0
|  26|0x0000000745200000, 0x0000000745200000, 0x0000000745400000|  0%| F|  |TAMS 0x0000000745200000| PB 0x0000000745200000| Untracked |  0
|  27|0x0000000745400000, 0x0000000745400000, 0x0000000745600000|  0%| F|  |TAMS 0x0000000745400000| PB 0x0000000745400000| Untracked |  0
|  28|0x0000000745600000, 0x0000000745600000, 0x0000000745800000|  0%| F|  |TAMS 0x0000000745600000| PB 0x0000000745600000| Untracked |  0
|  29|0x0000000745800000, 0x0000000745800000, 0x0000000745a00000|  0%| F|  |TAMS 0x0000000745800000| PB 0x0000000745800000| Untracked |  0
|  30|0x0000000745a00000, 0x0000000745a00000, 0x0000000745c00000|  0%| F|  |TAMS 0x0000000745a00000| PB 0x0000000745a00000| Untracked |  0
|  31|0x0000000745c00000, 0x0000000745c00000, 0x0000000745e00000|  0%| F|  |TAMS 0x0000000745c00000| PB 0x0000000745c00000| Untracked |  0
|  32|0x0000000745e00000, 0x0000000745e00000, 0x0000000746000000|  0%| F|  |TAMS 0x0000000745e00000| PB 0x0000000745e00000| Untracked |  0
|  33|0x0000000746000000, 0x0000000746000000, 0x0000000746200000|  0%| F|  |TAMS 0x0000000746000000| PB 0x0000000746000000| Untracked |  0
|  34|0x0000000746200000, 0x0000000746200000, 0x0000000746400000|  0%| F|  |TAMS 0x0000000746200000| PB 0x0000000746200000| Untracked |  0
|  35|0x0000000746400000, 0x0000000746400000, 0x0000000746600000|  0%| F|  |TAMS 0x0000000746400000| PB 0x0000000746400000| Untracked |  0
|  36|0x0000000746600000, 0x0000000746600000, 0x0000000746800000|  0%| F|  |TAMS 0x0000000746600000| PB 0x0000000746600000| Untracked |  0
|  37|0x0000000746800000, 0x0000000746800000, 0x0000000746a00000|  0%| F|  |TAMS 0x0000000746800000| PB 0x0000000746800000| Untracked |  0
|  38|0x0000000746a00000, 0x0000000746a00000, 0x0000000746c00000|  0%| F|  |TAMS 0x0000000746a00000| PB 0x0000000746a00000| Untracked |  0
|  39|0x0000000746c00000, 0x0000000746c00000, 0x0000000746e00000|  0%| F|  |TAMS 0x0000000746c00000| PB 0x0000000746c00000| Untracked |  0
|  40|0x0000000746e00000, 0x0000000746e00000, 0x0000000747000000|  0%| F|  |TAMS 0x0000000746e00000| PB 0x0000000746e00000| Untracked |  0
|  41|0x0000000747000000, 0x0000000747000000, 0x0000000747200000|  0%| F|  |TAMS 0x0000000747000000| PB 0x0000000747000000| Untracked |  0
|  42|0x0000000747200000, 0x0000000747200000, 0x0000000747400000|  0%| F|  |TAMS 0x0000000747200000| PB 0x0000000747200000| Untracked |  0
|  43|0x0000000747400000, 0x0000000747400000, 0x0000000747600000|  0%| F|  |TAMS 0x0000000747400000| PB 0x0000000747400000| Untracked |  0
|  44|0x0000000747600000, 0x0000000747600000, 0x0000000747800000|  0%| F|  |TAMS 0x0000000747600000| PB 0x0000000747600000| Untracked |  0
|  45|0x0000000747800000, 0x0000000747800000, 0x0000000747a00000|  0%| F|  |TAMS 0x0000000747800000| PB 0x0000000747800000| Untracked |  0
|  46|0x0000000747a00000, 0x0000000747a00000, 0x0000000747c00000|  0%| F|  |TAMS 0x0000000747a00000| PB 0x0000000747a00000| Untracked |  0
|  47|0x0000000747c00000, 0x0000000747c00000, 0x0000000747e00000|  0%| F|  |TAMS 0x0000000747c00000| PB 0x0000000747c00000| Untracked |  0
|  48|0x0000000747e00000, 0x0000000747e00000, 0x0000000748000000|  0%| F|  |TAMS 0x0000000747e00000| PB 0x0000000747e00000| Untracked |  0
|  49|0x0000000748000000, 0x0000000748000000, 0x0000000748200000|  0%| F|  |TAMS 0x0000000748000000| PB 0x0000000748000000| Untracked |  0
|  50|0x0000000748200000, 0x0000000748200000, 0x0000000748400000|  0%| F|  |TAMS 0x0000000748200000| PB 0x0000000748200000| Untracked |  0
|  51|0x0000000748400000, 0x0000000748400000, 0x0000000748600000|  0%| F|  |TAMS 0x0000000748400000| PB 0x0000000748400000| Untracked |  0
|  52|0x0000000748600000, 0x0000000748600000, 0x0000000748800000|  0%| F|  |TAMS 0x0000000748600000| PB 0x0000000748600000| Untracked |  0
|  53|0x0000000748800000, 0x0000000748800000, 0x0000000748a00000|  0%| F|  |TAMS 0x0000000748800000| PB 0x0000000748800000| Untracked |  0
|  54|0x0000000748a00000, 0x0000000748a00000, 0x0000000748c00000|  0%| F|  |TAMS 0x0000000748a00000| PB 0x0000000748a00000| Untracked |  0
|  55|0x0000000748c00000, 0x0000000748c00000, 0x0000000748e00000|  0%| F|  |TAMS 0x0000000748c00000| PB 0x0000000748c00000| Untracked |  0
|  56|0x0000000748e00000, 0x0000000748e00000, 0x0000000749000000|  0%| F|  |TAMS 0x0000000748e00000| PB 0x0000000748e00000| Untracked |  0
|  57|0x0000000749000000, 0x0000000749000000, 0x0000000749200000|  0%| F|  |TAMS 0x0000000749000000| PB 0x0000000749000000| Untracked |  0
|  58|0x0000000749200000, 0x0000000749200000, 0x0000000749400000|  0%| F|  |TAMS 0x0000000749200000| PB 0x0000000749200000| Untracked |  0
|  59|0x0000000749400000, 0x0000000749400000, 0x0000000749600000|  0%| F|  |TAMS 0x0000000749400000| PB 0x0000000749400000| Untracked |  0
|  60|0x0000000749600000, 0x0000000749600000, 0x0000000749800000|  0%| F|  |TAMS 0x0000000749600000| PB 0x0000000749600000| Untracked |  0
|  61|0x0000000749800000, 0x0000000749800000, 0x0000000749a00000|  0%| F|  |TAMS 0x0000000749800000| PB 0x0000000749800000| Untracked |  0
|  62|0x0000000749a00000, 0x0000000749a00000, 0x0000000749c00000|  0%| F|  |TAMS 0x0000000749a00000| PB 0x0000000749a00000| Untracked |  0
|  63|0x0000000749c00000, 0x0000000749c00000, 0x0000000749e00000|  0%| F|  |TAMS 0x0000000749c00000| PB 0x0000000749c00000| Untracked |  0
|  64|0x0000000749e00000, 0x0000000749e00000, 0x000000074a000000|  0%| F|  |TAMS 0x0000000749e00000| PB 0x0000000749e00000| Untracked |  0
|  65|0x000000074a000000, 0x000000074a000000, 0x000000074a200000|  0%| F|  |TAMS 0x000000074a000000| PB 0x000000074a000000| Untracked |  0
|  66|0x000000074a200000, 0x000000074a200000, 0x000000074a400000|  0%| F|  |TAMS 0x000000074a200000| PB 0x000000074a200000| Untracked |  0
|  67|0x000000074a400000, 0x000000074a400000, 0x000000074a600000|  0%| F|  |TAMS 0x000000074a400000| PB 0x000000074a400000| Untracked |  0
|  68|0x000000074a600000, 0x000000074a600000, 0x000000074a800000|  0%| F|  |TAMS 0x000000074a600000| PB 0x000000074a600000| Untracked |  0
|  69|0x000000074a800000, 0x000000074a800000, 0x000000074aa00000|  0%| F|  |TAMS 0x000000074a800000| PB 0x000000074a800000| Untracked |  0
|  70|0x000000074aa00000, 0x000000074aa00000, 0x000000074ac00000|  0%| F|  |TAMS 0x000000074aa00000| PB 0x000000074aa00000| Untracked |  0
|  71|0x000000074ac00000, 0x000000074ac00000, 0x000000074ae00000|  0%| F|  |TAMS 0x000000074ac00000| PB 0x000000074ac00000| Untracked |  0
|  72|0x000000074ae00000, 0x000000074ae00000, 0x000000074b000000|  0%| F|  |TAMS 0x000000074ae00000| PB 0x000000074ae00000| Untracked |  0
|  73|0x000000074b000000, 0x000000074b000000, 0x000000074b200000|  0%| F|  |TAMS 0x000000074b000000| PB 0x000000074b000000| Untracked |  0
|  74|0x000000074b200000, 0x000000074b200000, 0x000000074b400000|  0%| F|  |TAMS 0x000000074b200000| PB 0x000000074b200000| Untracked |  0
|  75|0x000000074b400000, 0x000000074b400000, 0x000000074b600000|  0%| F|  |TAMS 0x000000074b400000| PB 0x000000074b400000| Untracked |  0
|  76|0x000000074b600000, 0x000000074b600000, 0x000000074b800000|  0%| F|  |TAMS 0x000000074b600000| PB 0x000000074b600000| Untracked |  0
|  77|0x000000074b800000, 0x000000074b800000, 0x000000074ba00000|  0%| F|  |TAMS 0x000000074b800000| PB 0x000000074b800000| Untracked |  0
|  78|0x000000074ba00000, 0x000000074ba00000, 0x000000074bc00000|  0%| F|  |TAMS 0x000000074ba00000| PB 0x000000074ba00000| Untracked |  0
|  79|0x000000074bc00000, 0x000000074bc00000, 0x000000074be00000|  0%| F|  |TAMS 0x000000074bc00000| PB 0x000000074bc00000| Untracked |  0
|  80|0x000000074be00000, 0x000000074be00000, 0x000000074c000000|  0%| F|  |TAMS 0x000000074be00000| PB 0x000000074be00000| Untracked |  0
|  81|0x000000074c000000, 0x000000074c000000, 0x000000074c200000|  0%| F|  |TAMS 0x000000074c000000| PB 0x000000074c000000| Untracked |  0
|  82|0x000000074c200000, 0x000000074c200000, 0x000000074c400000|  0%| F|  |TAMS 0x000000074c200000| PB 0x000000074c200000| Untracked |  0
|  83|0x000000074c400000, 0x000000074c400000, 0x000000074c600000|  0%| F|  |TAMS 0x000000074c400000| PB 0x000000074c400000| Untracked |  0
|  84|0x000000074c600000, 0x000000074c600000, 0x000000074c800000|  0%| F|  |TAMS 0x000000074c600000| PB 0x000000074c600000| Untracked |  0
|  85|0x000000074c800000, 0x000000074c800000, 0x000000074ca00000|  0%| F|  |TAMS 0x000000074c800000| PB 0x000000074c800000| Untracked |  0
|  86|0x000000074ca00000, 0x000000074ca00000, 0x000000074cc00000|  0%| F|  |TAMS 0x000000074ca00000| PB 0x000000074ca00000| Untracked |  0
|  87|0x000000074cc00000, 0x000000074cc00000, 0x000000074ce00000|  0%| F|  |TAMS 0x000000074cc00000| PB 0x000000074cc00000| Untracked |  0
|  88|0x000000074ce00000, 0x000000074ce00000, 0x000000074d000000|  0%| F|  |TAMS 0x000000074ce00000| PB 0x000000074ce00000| Untracked |  0
|  89|0x000000074d000000, 0x000000074d000000, 0x000000074d200000|  0%| F|  |TAMS 0x000000074d000000| PB 0x000000074d000000| Untracked |  0
|  90|0x000000074d200000, 0x000000074d200000, 0x000000074d400000|  0%| F|  |TAMS 0x000000074d200000| PB 0x000000074d200000| Untracked |  0
|  91|0x000000074d400000, 0x000000074d400000, 0x000000074d600000|  0%| F|  |TAMS 0x000000074d400000| PB 0x000000074d400000| Untracked |  0
|  92|0x000000074d600000, 0x000000074d7f6d38, 0x000000074d800000| 98%| E|  |TAMS 0x000000074d600000| PB 0x000000074d600000| Complete |  0
|  93|0x000000074d800000, 0x000000074da00000, 0x000000074da00000|100%| E|  |TAMS 0x000000074d800000| PB 0x000000074d800000| Complete |  0
|  94|0x000000074da00000, 0x000000074dc00000, 0x000000074dc00000|100%| E|CS|TAMS 0x000000074da00000| PB 0x000000074da00000| Complete |  0
|  95|0x000000074dc00000, 0x000000074de00000, 0x000000074de00000|100%| E|CS|TAMS 0x000000074dc00000| PB 0x000000074dc00000| Complete |  0

Card table byte_map: [0x000002b825ea0000,0x000002b8264a0000] _byte_map_base: 0x000002b822491000

Marking Bits: (CMBitMap*) 0x000002b80c7601e0
 Bits: [0x000002b8264a0000, 0x000002b829428000)

Polling page: 0x000002b80c7e0000

Metaspace:

Usage:
  Non-class:      3.33 MB used.
      Class:    188.12 KB used.
       Both:      3.52 MB used.

Virtual space:
  Non-class space:       64.00 MB reserved,       3.38 MB (  5%) committed,  1 nodes.
      Class space:        1.00 GB reserved,     256.00 KB ( <1%) committed,  1 nodes.
             Both:        1.06 GB reserved,       3.62 MB ( <1%) committed. 

Chunk freelists:
   Non-Class:  10.02 MB
       Class:  15.66 MB
        Both:  25.67 MB

MaxMetaspaceSize: unlimited
CompressedClassSpaceSize: 1.00 GB
Initial GC threshold: 21.00 MB
Current GC threshold: 21.00 MB
CDS: on
 - commit_granule_bytes: 65536.
 - commit_granule_words: 8192.
 - virtual_space_node_default_size: 8388608.
 - enlarge_chunks_in_place: 1.
 - use_allocation_guard: 0.


Internal statistics:

num_allocs_failed_limit: 0.
num_arena_births: 62.
num_arena_deaths: 0.
num_vsnodes_births: 2.
num_vsnodes_deaths: 0.
num_space_committed: 57.
num_space_uncommitted: 0.
num_chunks_returned_to_freelist: 0.
num_chunks_taken_from_freelist: 148.
num_chunk_merges: 0.
num_chunk_splits: 102.
num_chunks_enlarged: 74.
num_inconsistent_stats: 0.

CodeHeap 'non-profiled nmethods': size=120000Kb used=187Kb max_used=187Kb free=119812Kb
 bounds [0x000002b81dd50000, 0x000002b81dfc0000, 0x000002b825280000]
CodeHeap 'profiled nmethods': size=120000Kb used=889Kb max_used=889Kb free=119110Kb
 bounds [0x000002b816280000, 0x000002b8164f0000, 0x000002b81d7b0000]
CodeHeap 'non-nmethods': size=5760Kb used=2100Kb max_used=2113Kb free=3660Kb
 bounds [0x000002b81d7b0000, 0x000002b81da20000, 0x000002b81dd50000]
 total_blobs=1676 nmethods=609 adapters=972
 compilation: enabled
              stopped_count=0, restarted_count=0
 full_count=0

Compilation events (20 events):
Event: 1.031 Thread 0x000002b82ba09cb0  600       3       java.lang.String::concat (15 bytes)
Event: 1.032 Thread 0x000002b82ba09cb0 nmethod 600 0x000002b816356e90 code [0x000002b8163571c0, 0x000002b816358480]
Event: 1.032 Thread 0x000002b82ba09cb0  601       3       java.lang.StringConcatHelper::simpleConcat (94 bytes)
Event: 1.033 Thread 0x000002b82ba09cb0 nmethod 601 0x000002b816358b10 code [0x000002b816358e40, 0x000002b81635a0a8]
Event: 1.033 Thread 0x000002b82ba09cb0  603  s!   3       jdk.internal.loader.URLClassPath::getLoader (194 bytes)
Event: 1.034 Thread 0x000002b82ba09cb0 nmethod 603 0x000002b81635a710 code [0x000002b81635aa00, 0x000002b81635bcd0]
Event: 1.034 Thread 0x000002b82ba09cb0  602       3       java.lang.StringConcatHelper::newString (67 bytes)
Event: 1.035 Thread 0x000002b82ba09cb0 nmethod 602 0x000002b81635c490 code [0x000002b81635c700, 0x000002b81635d0c8]
Event: 1.035 Thread 0x000002b82ba09cb0  604       3       sun.net.util.IPAddressUtil::earlyURLParsing (12 bytes)
Event: 1.035 Thread 0x000002b82ba09cb0 nmethod 604 0x000002b81635d490 code [0x000002b81635d620, 0x000002b81635d730]
Event: 1.047 Thread 0x000002b82ba09cb0  605       1       java.security.CodeSource::getLocation (5 bytes)
Event: 1.047 Thread 0x000002b82ba09cb0 nmethod 605 0x000002b81dd7e110 code [0x000002b81dd7e2a0, 0x000002b81dd7e370]
Event: 1.054 Thread 0x000002b82ba09cb0  606       1       java.net.URL::getUserInfo (5 bytes)
Event: 1.055 Thread 0x000002b82ba09cb0 nmethod 606 0x000002b81dd7e410 code [0x000002b81dd7e5a0, 0x000002b81dd7e670]
Event: 1.061 Thread 0x000002b82ba09cb0  607       3       java.util.Arrays::rangeCheck (74 bytes)
Event: 1.062 Thread 0x000002b82ba09cb0 nmethod 607 0x000002b81635d790 code [0x000002b81635da40, 0x000002b81635e368]
Event: 1.062 Thread 0x000002b82ba09cb0  608       1       java.lang.NamedPackage::module (5 bytes)
Event: 1.062 Thread 0x000002b82ba09cb0 nmethod 608 0x000002b81dd7e710 code [0x000002b81dd7e8a0, 0x000002b81dd7e970]
Event: 1.065 Thread 0x000002b82b9e91f0  609       4       java.nio.Buffer::session (20 bytes)
Event: 1.066 Thread 0x000002b82b9e91f0 nmethod 609 0x000002b81dd7ea10 code [0x000002b81dd7eb80, 0x000002b81dd7ec30]

GC Heap History (0 events):
No events

Dll operation events (8 events):
Event: 0.015 Loaded shared library C:\Program Files\Java\jdk-22\bin\java.dll
Event: 0.077 Loaded shared library C:\Program Files\Java\jdk-22\bin\jsvml.dll
Event: 0.144 Loaded shared library C:\Program Files\Java\jdk-22\bin\net.dll
Event: 0.146 Loaded shared library C:\Program Files\Java\jdk-22\bin\nio.dll
Event: 0.157 Loaded shared library C:\Program Files\Java\jdk-22\bin\zip.dll
Event: 0.246 Loaded shared library C:\Program Files\Java\jdk-22\bin\jimage.dll
Event: 0.322 Loaded shared library C:\Users\Juan Diego\AppData\Local\Temp\lwjgl_Juan\3.3.6+1\x64\lwjgl.dll
Event: 0.687 Loaded shared library C:\Users\Juan Diego\AppData\Local\Temp\lwjgl_Juan\3.3.6+1\x64\lwjgl_opengl.dll

Deoptimization events (20 events):
Event: 0.519 Thread 0x000002b80c60f7c0 DEOPT PACKING pc=0x000002b8163028a5 sp=0x000000cb2d9fdf30
Event: 0.519 Thread 0x000002b80c60f7c0 DEOPT UNPACKING pc=0x000002b81d804e42 sp=0x000000cb2d9fd3c8 mode 0
Event: 0.519 Thread 0x000002b80c60f7c0 DEOPT PACKING pc=0x000002b8163028a5 sp=0x000000cb2d9fdf30
Event: 0.519 Thread 0x000002b80c60f7c0 DEOPT UNPACKING pc=0x000002b81d804e42 sp=0x000000cb2d9fd3c8 mode 0
Event: 0.520 Thread 0x000002b80c60f7c0 DEOPT PACKING pc=0x000002b8163028a5 sp=0x000000cb2d9fdf30
Event: 0.520 Thread 0x000002b80c60f7c0 DEOPT UNPACKING pc=0x000002b81d804e42 sp=0x000000cb2d9fd3c8 mode 0
Event: 0.520 Thread 0x000002b80c60f7c0 DEOPT PACKING pc=0x000002b8163028a5 sp=0x000000cb2d9fdf30
Event: 0.520 Thread 0x000002b80c60f7c0 DEOPT UNPACKING pc=0x000002b81d804e42 sp=0x000000cb2d9fd3c8 mode 0
Event: 0.520 Thread 0x000002b80c60f7c0 DEOPT PACKING pc=0x000002b8163028a5 sp=0x000000cb2d9fdf30
Event: 0.520 Thread 0x000002b80c60f7c0 DEOPT UNPACKING pc=0x000002b81d804e42 sp=0x000000cb2d9fd3c8 mode 0
Event: 0.520 Thread 0x000002b80c60f7c0 DEOPT PACKING pc=0x000002b8163028a5 sp=0x000000cb2d9fdf30
Event: 0.521 Thread 0x000002b80c60f7c0 DEOPT UNPACKING pc=0x000002b81d804e42 sp=0x000000cb2d9fd3c8 mode 0
Event: 0.521 Thread 0x000002b80c60f7c0 DEOPT PACKING pc=0x000002b8163028a5 sp=0x000000cb2d9fdf30
Event: 0.521 Thread 0x000002b80c60f7c0 DEOPT UNPACKING pc=0x000002b81d804e42 sp=0x000000cb2d9fd3c8 mode 0
Event: 0.699 Thread 0x000002b80c60f7c0 DEOPT PACKING pc=0x000002b816289a4c sp=0x000000cb2d9fd290
Event: 0.699 Thread 0x000002b80c60f7c0 DEOPT UNPACKING pc=0x000002b81d804e42 sp=0x000000cb2d9fc6f8 mode 0
Event: 0.881 Thread 0x000002b80c60f7c0 Uncommon trap: trap_request=0xffffff54 fr.pc=0x000002b81dd7ca6c relative=0x000000000000006c
Event: 0.881 Thread 0x000002b80c60f7c0 Uncommon trap: reason=speculate_null_assert action=make_not_entrant pc=0x000002b81dd7ca6c method=sun.misc.Unsafe.getLong(Ljava/lang/Object;J)J @ 5 c2
Event: 0.881 Thread 0x000002b80c60f7c0 DEOPT PACKING pc=0x000002b81dd7ca6c sp=0x000000cb2d9feba0
Event: 0.881 Thread 0x000002b80c60f7c0 DEOPT UNPACKING pc=0x000002b81d8046a2 sp=0x000000cb2d9feb28 mode 2

Classes loaded (20 events):
Event: 0.479 Loading class java/nio/DirectDoubleBufferU
Event: 0.479 Loading class java/nio/DirectDoubleBufferU done
Event: 0.479 Loading class sun/misc/Unsafe
Event: 0.479 Loading class sun/misc/Unsafe done
Event: 0.480 Loading class java/lang/invoke/DirectMethodHandle$StaticAccessor
Event: 0.480 Loading class java/lang/invoke/DirectMethodHandle$StaticAccessor done
Event: 0.482 Loading class java/util/function/LongPredicate
Event: 0.482 Loading class java/util/function/LongPredicate done
Event: 0.487 Loading class java/lang/foreign/MemorySegment
Event: 0.487 Loading class java/lang/foreign/MemorySegment done
Event: 0.709 Loading class java/util/Formatter$FixedString
Event: 0.709 Loading class java/util/Formatter$FixedString done
Event: 0.876 Loading class java/nio/InvalidMarkException
Event: 0.876 Loading class java/nio/InvalidMarkException done
Event: 0.876 Loading class java/nio/BufferUnderflowException
Event: 0.876 Loading class java/nio/BufferUnderflowException done
Event: 1.065 Loading class jdk/internal/foreign/MemorySessionImpl
Event: 1.065 Loading class java/lang/foreign/MemorySegment$Scope
Event: 1.065 Loading class java/lang/foreign/MemorySegment$Scope done
Event: 1.065 Loading class jdk/internal/foreign/MemorySessionImpl done

Classes unloaded (0 events):
No events

Classes redefined (0 events):
No events

Internal exceptions (20 events):
Event: 0.229 Thread 0x000002b80c60f7c0 Exception <a 'java/lang/NoSuchMethodError'{0x000000074dad5e70}: 'java.lang.Object java.lang.invoke.DirectMethodHandle$Holder.invokeStatic(java.lang.Object, java.lang.Object, int)'> (0x000000074dad5e70) 
thrown [s\open\src\hotspot\share\interpreter\linkResolver.cpp, line 774]
Event: 0.230 Thread 0x000002b80c60f7c0 Exception <a 'java/lang/NoSuchMethodError'{0x000000074dae16d0}: 'void java.lang.invoke.DelegatingMethodHandle$Holder.delegate(java.lang.Object, java.lang.Object, int, java.lang.Object)'> (0x000000074dae16d0) 
thrown [s\open\src\hotspot\share\interpreter\linkResolver.cpp, line 774]
Event: 0.231 Thread 0x000002b80c60f7c0 Exception <a 'java/lang/NoSuchMethodError'{0x000000074dae56e8}: 'int java.lang.invoke.DirectMethodHandle$Holder.invokeSpecial(java.lang.Object, java.lang.Object, java.lang.Object)'> (0x000000074dae56e8) 
thrown [s\open\src\hotspot\share\interpreter\linkResolver.cpp, line 774]
Event: 0.240 Thread 0x000002b80c60f7c0 Exception <a 'java/lang/NoSuchMethodError'{0x000000074db000a0}: 'void java.lang.System.loadLibrary(java.lang.String, java.lang.Class)'> (0x000000074db000a0) 
thrown [s\open\src\hotspot\share\interpreter\linkResolver.cpp, line 774]
Event: 0.330 Thread 0x000002b80c60f7c0 Exception <a 'sun/nio/fs/WindowsException'{0x000000074dbd8a80}> (0x000000074dbd8a80) 
thrown [s\open\src\hotspot\share\prims\jni.cpp, line 520]
Event: 0.331 Thread 0x000002b80c60f7c0 Exception <a 'sun/nio/fs/WindowsException'{0x000000074dbd8fb8}> (0x000000074dbd8fb8) 
thrown [s\open\src\hotspot\share\prims\jni.cpp, line 520]
Event: 0.456 Thread 0x000002b80c60f7c0 Exception <a 'sun/nio/fs/WindowsException'{0x000000074d87db38}> (0x000000074d87db38) 
thrown [s\open\src\hotspot\share\prims\jni.cpp, line 520]
Event: 0.456 Thread 0x000002b80c60f7c0 Exception <a 'sun/nio/fs/WindowsException'{0x000000074d87dea8}> (0x000000074d87dea8) 
thrown [s\open\src\hotspot\share\prims\jni.cpp, line 520]
Event: 0.484 Thread 0x000002b80c60f7c0 Exception <a 'java/lang/NoSuchMethodError'{0x000000074d8eb880}: 'int java.lang.invoke.DirectMethodHandle$Holder.invokeStaticInit(java.lang.Object, java.lang.Object, int, long)'> (0x000000074d8eb880) 
thrown [s\open\src\hotspot\share\interpreter\linkResolver.cpp, line 774]
Event: 0.485 Thread 0x000002b80c60f7c0 Exception <a 'java/lang/NoSuchMethodError'{0x000000074d8f0c38}: 'java.lang.Object java.lang.invoke.DirectMethodHandle$Holder.newInvokeSpecial(java.lang.Object, java.lang.Object, int)'> (0x000000074d8f0c38) 
thrown [s\open\src\hotspot\share\interpreter\linkResolver.cpp, line 774]
Event: 0.492 Thread 0x000002b80c60f7c0 Exception <a 'java/lang/NoSuchMethodError'{0x000000074d8ff3e8}: 'int java.lang.invoke.DirectMethodHandle$Holder.invokeStaticInit(java.lang.Object, java.lang.Object, long, long)'> (0x000000074d8ff3e8) 
thrown [s\open\src\hotspot\share\interpreter\linkResolver.cpp, line 774]
Event: 0.493 Thread 0x000002b80c60f7c0 Exception <a 'java/lang/NoSuchMethodError'{0x000000074d905120}: 'java.lang.Object java.lang.invoke.DirectMethodHandle$Holder.newInvokeSpecial(java.lang.Object, java.lang.Object, long)'> (0x000000074d905120) 
thrown [s\open\src\hotspot\share\interpreter\linkResolver.cpp, line 774]
Event: 0.494 Thread 0x000002b80c60f7c0 Exception <a 'java/lang/NoSuchMethodError'{0x000000074d909278}: 'java.lang.Object java.lang.invoke.Invokers$Holder.linkToTargetMethod(java.lang.Object, long, java.lang.Object)'> (0x000000074d909278) 
thrown [s\open\src\hotspot\share\interpreter\linkResolver.cpp, line 774]
Event: 0.495 Thread 0x000002b80c60f7c0 Exception <a 'java/lang/NoSuchMethodError'{0x000000074d9104d8}: 'int java.lang.invoke.DirectMethodHandle$Holder.invokeStaticInit(java.lang.Object, java.lang.Object, java.lang.Object, long)'> (0x000000074d9104d8) 
thrown [s\open\src\hotspot\share\interpreter\linkResolver.cpp, line 774]
Event: 0.668 Thread 0x000002b80c60f7c0 Exception <a 'java/lang/NoSuchMethodError'{0x000000074d96f318}: 'void java.lang.System.load(java.lang.String, java.lang.Class)'> (0x000000074d96f318) 
thrown [s\open\src\hotspot\share\interpreter\linkResolver.cpp, line 774]
Event: 0.671 Thread 0x000002b80c60f7c0 Exception <a 'java/lang/NoSuchMethodError'{0x000000074d971d68}: 'void java.lang.System.loadLibrary(java.lang.String, java.lang.Class)'> (0x000000074d971d68) 
thrown [s\open\src\hotspot\share\interpreter\linkResolver.cpp, line 774]
Event: 0.684 Thread 0x000002b80c60f7c0 Exception <a 'sun/nio/fs/WindowsException'{0x000000074d982400}> (0x000000074d982400) 
thrown [s\open\src\hotspot\share\prims\jni.cpp, line 520]
Event: 0.684 Thread 0x000002b80c60f7c0 Exception <a 'sun/nio/fs/WindowsException'{0x000000074d9827b0}> (0x000000074d9827b0) 
thrown [s\open\src\hotspot\share\prims\jni.cpp, line 520]
Event: 0.700 Thread 0x000002b80c60f7c0 Exception <a 'sun/nio/fs/WindowsException'{0x000000074d98d710}> (0x000000074d98d710) 
thrown [s\open\src\hotspot\share\prims\jni.cpp, line 520]
Event: 0.701 Thread 0x000002b80c60f7c0 Exception <a 'sun/nio/fs/WindowsException'{0x000000074d98d9f8}> (0x000000074d98d9f8) 
thrown [s\open\src\hotspot\share\prims\jni.cpp, line 520]

ZGC Phase Switch (0 events):
No events

VM Operations (2 events):
Event: 0.159 Executing VM operation: HandshakeAllThreads (Deoptimize)
Event: 0.159 Executing VM operation: HandshakeAllThreads (Deoptimize) done

Events (11 events):
Event: 0.048 Thread 0x000002b80c60f7c0 Thread added: 0x000002b80c60f7c0
Event: 0.073 Thread 0x000002b82b9d8d20 Thread added: 0x000002b82b9d8d20
Event: 0.074 Thread 0x000002b82b9d9a40 Thread added: 0x000002b82b9d9a40
Event: 0.074 Thread 0x000002b82b9dccd0 Thread added: 0x000002b82b9dccd0
Event: 0.074 Thread 0x000002b82b9dd730 Thread added: 0x000002b82b9dd730
Event: 0.075 Thread 0x000002b82b9de190 Thread added: 0x000002b82b9de190
Event: 0.075 Thread 0x000002b82b9e1b40 Thread added: 0x000002b82b9e1b40
Event: 0.075 Thread 0x000002b82b9e91f0 Thread added: 0x000002b82b9e91f0
Event: 0.075 Thread 0x000002b82ba09cb0 Thread added: 0x000002b82ba09cb0
Event: 0.128 Thread 0x000002b82bc78860 Thread added: 0x000002b82bc78860
Event: 0.132 Thread 0x000002b82bc83fa0 Thread added: 0x000002b82bc83fa0


Dynamic libraries:
0x00007ff602330000 - 0x00007ff602340000 	C:\Program Files\Java\jdk-22\bin\java.exe
0x00007ff9b1790000 - 0x00007ff9b1988000 	C:\WINDOWS\SYSTEM32\ntdll.dll
0x00007ff9b1220000 - 0x00007ff9b12dd000 	C:\WINDOWS\System32\KERNEL32.DLL
0x00007ff9af510000 - 0x00007ff9af7e2000 	C:\WINDOWS\System32\KERNELBASE.dll
0x00007ff9aef70000 - 0x00007ff9af070000 	C:\WINDOWS\System32\ucrtbase.dll
0x00007ff9aa6d0000 - 0x00007ff9aa6e7000 	C:\Program Files\Java\jdk-22\bin\jli.dll
0x00007ff9aa410000 - 0x00007ff9aa42b000 	C:\Program Files\Java\jdk-22\bin\VCRUNTIME140.dll
0x00007ff9b1490000 - 0x00007ff9b153e000 	C:\WINDOWS\System32\ADVAPI32.dll
0x00007ff9b1540000 - 0x00007ff9b15de000 	C:\WINDOWS\System32\msvcrt.dll
0x00007ff9b1650000 - 0x00007ff9b16ec000 	C:\WINDOWS\System32\sechost.dll
0x00007ff9af7f0000 - 0x00007ff9af915000 	C:\WINDOWS\System32\RPCRT4.dll
0x00007ff9af920000 - 0x00007ff9afabd000 	C:\WINDOWS\System32\USER32.dll
0x00007ff9aef40000 - 0x00007ff9aef62000 	C:\WINDOWS\System32\win32u.dll
0x00007ff9afae0000 - 0x00007ff9afb0b000 	C:\WINDOWS\System32\GDI32.dll
0x00007ff9a2360000 - 0x00007ff9a25fa000 	C:\WINDOWS\WinSxS\amd64_microsoft.windows.common-controls_6595b64144ccf1df_6.0.19041.1110_none_60b5254171f9507e\COMCTL32.dll
0x00007ff9af220000 - 0x00007ff9af32f000 	C:\WINDOWS\System32\gdi32full.dll
0x00007ff9af330000 - 0x00007ff9af3cd000 	C:\WINDOWS\System32\msvcp_win.dll
0x00007ff9a8800000 - 0x00007ff9a880a000 	C:\WINDOWS\SYSTEM32\VERSION.dll
0x00007ff9b10b0000 - 0x00007ff9b10e0000 	C:\WINDOWS\System32\IMM32.DLL
0x00007ff9a9390000 - 0x00007ff9a939c000 	C:\Program Files\Java\jdk-22\bin\vcruntime140_1.dll
0x00007ff991180000 - 0x00007ff99120e000 	C:\Program Files\Java\jdk-22\bin\msvcp140.dll
0x00007ff93f860000 - 0x00007ff9405a7000 	C:\Program Files\Java\jdk-22\bin\server\jvm.dll
0x00007ff9b0880000 - 0x00007ff9b08eb000 	C:\WINDOWS\System32\WS2_32.dll
0x00007ff9aed10000 - 0x00007ff9aed5b000 	C:\WINDOWS\SYSTEM32\POWRPROF.dll
0x00007ff9a2e10000 - 0x00007ff9a2e37000 	C:\WINDOWS\SYSTEM32\WINMM.dll
0x00007ff9aecf0000 - 0x00007ff9aed02000 	C:\WINDOWS\SYSTEM32\UMPDC.dll
0x00007ff9ad710000 - 0x00007ff9ad722000 	C:\WINDOWS\SYSTEM32\kernel.appcore.dll
0x00007ff9a8cd0000 - 0x00007ff9a8cda000 	C:\Program Files\Java\jdk-22\bin\jimage.dll
0x00007ff9ac5e0000 - 0x00007ff9ac7c4000 	C:\WINDOWS\SYSTEM32\DBGHELP.DLL
0x00007ff98c3c0000 - 0x00007ff98c3ec000 	C:\WINDOWS\SYSTEM32\dbgcore.DLL
0x00007ff9af480000 - 0x00007ff9af502000 	C:\WINDOWS\System32\bcryptPrimitives.dll
0x00007ff9a9370000 - 0x00007ff9a938e000 	C:\Program Files\Java\jdk-22\bin\java.dll
0x00007ff9b0130000 - 0x00007ff9b0873000 	C:\WINDOWS\System32\SHELL32.dll
0x00007ff9b10f0000 - 0x00007ff9b121a000 	C:\WINDOWS\System32\ole32.dll
0x00007ff9afcf0000 - 0x00007ff9b0044000 	C:\WINDOWS\System32\combase.dll
0x00007ff9acf60000 - 0x00007ff9ad6f1000 	C:\WINDOWS\SYSTEM32\windows.storage.dll
0x00007ff9ae820000 - 0x00007ff9ae850000 	C:\WINDOWS\SYSTEM32\Wldp.dll
0x00007ff9afb10000 - 0x00007ff9afbbd000 	C:\WINDOWS\System32\SHCORE.dll
0x00007ff9b16f0000 - 0x00007ff9b1745000 	C:\WINDOWS\System32\shlwapi.dll
0x00007ff9aede0000 - 0x00007ff9aedff000 	C:\WINDOWS\SYSTEM32\profapi.dll
0x00007ff98a0d0000 - 0x00007ff98a1a7000 	C:\Program Files\Java\jdk-22\bin\jsvml.dll
0x00007ff9a6930000 - 0x00007ff9a6940000 	C:\Program Files\Java\jdk-22\bin\net.dll
0x00007ff9ae580000 - 0x00007ff9ae5ea000 	C:\WINDOWS\system32\mswsock.dll
0x00007ff994fa0000 - 0x00007ff994fb6000 	C:\Program Files\Java\jdk-22\bin\nio.dll
0x00007ff991230000 - 0x00007ff991247000 	C:\Program Files\Java\jdk-22\bin\zip.dll
0x00007ff9762f0000 - 0x00007ff97636e000 	C:\Users\Juan Diego\AppData\Local\Temp\lwjgl_Juan\3.3.6+1\x64\lwjgl.dll
0x00007ff974100000 - 0x00007ff974189000 	C:\Users\JUANDI~1\AppData\Local\Temp\lwjgl_Juan\3.3.6+1\x64\glfw.dll
0x00007ff9819b0000 - 0x00007ff9819f5000 	C:\WINDOWS\SYSTEM32\dinput8.dll
0x00007ff982fd0000 - 0x00007ff982fe1000 	C:\WINDOWS\SYSTEM32\xinput1_4.dll
0x00007ff9af1d0000 - 0x00007ff9af21e000 	C:\WINDOWS\System32\cfgmgr32.dll
0x00007ff9aeb70000 - 0x00007ff9aeb9c000 	C:\WINDOWS\SYSTEM32\DEVOBJ.dll
0x00007ff9ac9b0000 - 0x00007ff9ac9df000 	C:\WINDOWS\SYSTEM32\dwmapi.dll
0x00007ff99ff20000 - 0x00007ff9a0072000 	C:\WINDOWS\SYSTEM32\inputhost.dll
0x00007ff9b0fe0000 - 0x00007ff9b10ad000 	C:\WINDOWS\System32\OLEAUT32.dll
0x00007ff9ab710000 - 0x00007ff9ab802000 	C:\WINDOWS\SYSTEM32\CoreMessaging.dll
0x00007ff9a9f60000 - 0x00007ff9aa056000 	C:\WINDOWS\SYSTEM32\PROPSYS.dll
0x00007ff9aac90000 - 0x00007ff9aade4000 	C:\WINDOWS\SYSTEM32\wintypes.dll
0x00007ff9ab360000 - 0x00007ff9ab6be000 	C:\WINDOWS\SYSTEM32\CoreUIComponents.dll
0x00007ff9adfc0000 - 0x00007ff9adff3000 	C:\WINDOWS\SYSTEM32\ntmarta.dll
0x00007ff9ac3f0000 - 0x00007ff9ac48e000 	C:\WINDOWS\system32\uxtheme.dll
0x00007ff9b0d60000 - 0x00007ff9b0e75000 	C:\WINDOWS\System32\MSCTF.dll
0x00007ff987ae0000 - 0x00007ff987c07000 	C:\WINDOWS\SYSTEM32\opengl32.dll
0x00007ff988bf0000 - 0x00007ff988c1c000 	C:\WINDOWS\SYSTEM32\GLU32.dll
0x00007ff9afc40000 - 0x00007ff9afcef000 	C:\WINDOWS\System32\clbcatq.dll
0x00007ff954f50000 - 0x00007ff955783000 	C:\WINDOWS\SYSTEM32\ig7icd64.dll
0x00007ff9a3120000 - 0x00007ff9a357f000 	C:\WINDOWS\SYSTEM32\igdusc64.dll
0x00007ff9a8ff0000 - 0x00007ff9a9004000 	C:\WINDOWS\SYSTEM32\WTSAPI32.dll
0x00007ff9ad760000 - 0x00007ff9ad853000 	C:\WINDOWS\SYSTEM32\dxgi.dll
0x00007ff9ac9e0000 - 0x00007ff9acc43000 	C:\WINDOWS\SYSTEM32\d3d11.dll
0x00007ff9a3580000 - 0x00007ff9a4123000 	C:\WINDOWS\SYSTEM32\igd10iumd64.dll
0x00007ff9aef10000 - 0x00007ff9aef37000 	C:\WINDOWS\System32\bcrypt.dll
0x00007ff9ae890000 - 0x00007ff9ae8b7000 	C:\WINDOWS\SYSTEM32\ncrypt.dll
0x00007ff9ab990000 - 0x00007ff9aba21000 	C:\WINDOWS\SYSTEM32\apphelp.dll
0x00007ff9ae850000 - 0x00007ff9ae88b000 	C:\WINDOWS\SYSTEM32\NTASN1.dll
0x00007ff9a4130000 - 0x00007ff9a416b000 	C:\WINDOWS\SYSTEM32\dxcore.dll
0x00007ff99e730000 - 0x00007ff99e829000 	C:\WINDOWS\SYSTEM32\textinputframework.dll
0x00007ff9736f0000 - 0x00007ff97374d000 	C:\Users\Juan Diego\AppData\Local\Temp\lwjgl_Juan\3.3.6+1\x64\lwjgl_opengl.dll

dbghelp: loaded successfully - version: 4.0.5 - missing functions: none
symbol engine: initialized successfully - sym options: 0x614 - pdb path: .;C:\Program Files\Java\jdk-22\bin;C:\WINDOWS\SYSTEM32;C:\WINDOWS\WinSxS\amd64_microsoft.windows.common-controls_6595b64144ccf1df_6.0.19041.1110_none_60b5254171f9507e;C:\Program Files\Java\jdk-22\bin\server;C:\Users\Juan Diego\AppData\Local\Temp\lwjgl_Juan\3.3.6+1\x64;C:\Users\JUANDI~1\AppData\Local\Temp\lwjgl_Juan\3.3.6+1\x64

VM Arguments:
java_command: Classes.Main
java_class_path (initial): C:\Users\Juan Diego\Desktop\Game\target\classes;C:\Users\Juan Diego\.m2\repository\org\lwjgl\lwjgl\3.3.6\lwjgl-3.3.6.jar;C:\Users\Juan Diego\.m2\repository\org\lwjgl\lwjgl-assimp\3.3.6\lwjgl-assimp-3.3.6.jar;C:\Users\Juan Diego\.m2\repository\org\lwjgl\lwjgl-bgfx\3.3.6\lwjgl-bgfx-3.3.6.jar;C:\Users\Juan Diego\.m2\repository\org\lwjgl\lwjgl-glfw\3.3.6\lwjgl-glfw-3.3.6.jar;C:\Users\Juan Diego\.m2\repository\org\lwjgl\lwjgl-nanovg\3.3.6\lwjgl-nanovg-3.3.6.jar;C:\Users\Juan Diego\.m2\repository\org\lwjgl\lwjgl-nuklear\3.3.6\lwjgl-nuklear-3.3.6.jar;C:\Users\Juan Diego\.m2\repository\org\lwjgl\lwjgl-openal\3.3.6\lwjgl-openal-3.3.6.jar;C:\Users\Juan Diego\.m2\repository\org\lwjgl\lwjgl-opengl\3.3.6\lwjgl-opengl-3.3.6.jar;C:\Users\Juan Diego\.m2\repository\org\lwjgl\lwjgl-par\3.3.6\lwjgl-par-3.3.6.jar;C:\Users\Juan Diego\.m2\repository\org\lwjgl\lwjgl-stb\3.3.6\lwjgl-stb-3.3.6.jar;C:\Users\Juan Diego\.m2\repository\org\lwjgl\lwjgl-vulkan\3.3.6\lwjgl-vulkan-3.3.6.jar;C:\Users\Juan Diego\.m2\repository\org\lwjgl\lwjgl\3.3.6\lwjgl-3.3.6-natives-windows.jar;C:\Users\Juan Diego\.m2\repository\org\lwjgl\lwjgl-assimp\3.3.6\lwjgl-assimp-3.3.6-natives-windows.jar;C:\Users\Juan Diego\.m2\repository\org\lwjgl\lwjgl-bgfx\3.3.6\lwjgl-bgfx-3.3.6-natives-windows.jar;C:\Users\Juan Diego\.m2\repository\org\lwjgl\lwjgl-glfw\3.3.6\lwjgl-glfw-3.3.6-natives-windows.jar;C:\Users\Juan Diego\.m2\repository\org\lwjgl\lwjgl-nanovg\3.3.6\lwjgl-nanovg-3.3.6-natives-windows.jar;C:\Users\Juan Diego\.m2\repository\org\lwjgl\lwjgl-nuklear\3.3.6\lwjgl-nuklear-3.3.6-natives-windows.jar;C:\Users\Juan Diego\.m2\repository\org\lwjgl\lwjgl-openal\3.3.6\lwjgl-openal-3.3.6-natives-windows.jar;C:\Users\Juan Diego\.m2\repository\org\lwjgl\lwjgl-opengl\3.3.6\lwjgl-opengl-3.3.6-natives-windows.jar;C:\Users\Juan Diego\.m2\repository\org\lwjgl\lwjgl-par\3.3.6\lwjgl-par-3.3.6-natives-windows.jar;C:\Users\Juan Diego\.m2\repository\org\lwjgl\lwjgl-stb\3.3.6\lwjgl-stb-3.3.6-natives-windows.jar
Launcher Type: SUN_STANDARD

[Global flags]
     intx CICompilerCount                          = 3                                         {product} {ergonomic}
     uint ConcGCThreads                            = 1                                         {product} {ergonomic}
     uint G1ConcRefinementThreads                  = 4                                         {product} {ergonomic}
   size_t G1HeapRegionSize                         = 2097152                                   {product} {ergonomic}
   size_t InitialHeapSize                          = 201326592                                 {product} {ergonomic}
   size_t MarkStackSize                            = 4194304                                   {product} {ergonomic}
   size_t MaxHeapSize                              = 3189768192                                {product} {ergonomic}
   size_t MaxNewSize                               = 1912602624                                {product} {ergonomic}
   size_t MinHeapDeltaBytes                        = 2097152                                   {product} {ergonomic}
   size_t MinHeapSize                              = 8388608                                   {product} {ergonomic}
    uintx NonNMethodCodeHeapSize                   = 5832780                                {pd product} {ergonomic}
    uintx NonProfiledCodeHeapSize                  = 122912730                              {pd product} {ergonomic}
    uintx ProfiledCodeHeapSize                     = 122912730                              {pd product} {ergonomic}
    uintx ReservedCodeCacheSize                    = 251658240                              {pd product} {ergonomic}
     bool SegmentedCodeCache                       = true                                      {product} {ergonomic}
   size_t SoftMaxHeapSize                          = 3189768192                             {manageable} {ergonomic}
     bool UseCompressedOops                        = true                           {product lp64_product} {ergonomic}
     bool UseG1GC                                  = true                                      {product} {ergonomic}
     bool UseLargePagesIndividualAllocation        = false                                  {pd product} {ergonomic}

Logging:
Log output configuration:
 #0: stdout all=warning uptime,level,tags foldmultilines=false
 #1: stderr all=off uptime,level,tags foldmultilines=false

Environment Variables:
JAVA_HOME=C:\Program Files\Java\jdk-22
PATH=C:\Windows\System32\WindowsPowerShell\v1.0\;C:\Program Files\Java\jdk-22\bin;C:\Program Files\apache-maven-3.9.9\bin;C:\Program Files\nodejs\;C:\Program Files\Git\cmd;C:\Program Files (x86)\NVIDIA Corporation\PhysX\Common;C:\Users\Juan Diego\.console-ninja\.bin;C:\Users\Juan Diego\AppData\Local\Programs\Python\Python311\Scripts\;C:\Users\Juan Diego\AppData\Local\Programs\Python\Python311\;C:\Users\Juan Diego\AppData\Local\Microsoft\WindowsApps;C:\Users\Juan Diego\AppData\Local\Programs\Microsoft VS Code\bin;C:\Users\Juan Diego\Desktop\Flutter\flutter\bin;C:\Users\Juan Diego\AppData\Local\GitHubDesktop\bin;C:\Users\Juan Diego\AppData\Roaming\Composer\vendor\bin;C:\Users\Juan Diego\AppData\Roaming\npm
USERNAME=Juan
OS=Windows_NT
PROCESSOR_IDENTIFIER=Intel64 Family 6 Model 58 Stepping 9, GenuineIntel
TMP=C:\Users\JUANDI~1\AppData\Local\Temp
TEMP=C:\Users\JUANDI~1\AppData\Local\Temp




Periodic native trim disabled

---------------  S Y S T E M  ---------------

OS:
 Windows 10 , 64 bit Build 19041 (10.0.19041.1889)
OS uptime: 4 days 10:54 hours

CPU: total 4 (initial active 4) (4 cores per cpu, 1 threads per core) family 6 model 58 stepping 9 microcode 0x21, cx8, cmov, fxsr, mmx, sse, sse2, sse3, ssse3, sse4.1, sse4.2, popcnt, tsc, tscinvbit, avx, aes, erms, clmul, vzeroupper, clflush, rdtscp, f16c
Processor Information for all 4 processors :
  Max Mhz: 3201, Current Mhz: 3201, Mhz Limit: 3201

Memory: 4k page, system-wide physical 12162M (5370M free)
TotalPageFile size 31964M (AvailPageFile size 17537M)
current process WorkingSet (physical memory assigned to process): 72M, peak: 72M
current process commit charge ("private bytes"): 297M, peak: 297M

vm_info: Java HotSpot(TM) 64-Bit Server VM (22.0.1+8-16) for windows-amd64 JRE (22.0.1+8-16), built on 2024-03-12T10:33:16Z by "mach5one" with MS VC++ 17.6 (VS2022)

END.
